[0.044s] Invoking command in '/home/ubuntu/ros_workspace/build/assignment_1_rt2': AMENT_PREFIX_PATH=/home/ubuntu/ros_workspace/install/bme_gazebo_sensors:/home/ubuntu/ros_workspace/install/action_tutorials_interfaces:${AMENT_PREFIX_PATH} CMAKE_PREFIX_PATH=/home/ubuntu/ros_workspace/install/bme_gazebo_sensors:/home/ubuntu/ros_workspace/install/action_tutorials_interfaces:/opt/ros/jazzy/opt/gz_launch_vendor:/opt/ros/jazzy/opt/gz_sim_vendor:/opt/ros/jazzy/opt/gz_sensors_vendor:/opt/ros/jazzy/opt/gz_physics_vendor:/opt/ros/jazzy/opt/sdformat_vendor:/opt/ros/jazzy/opt/gz_gui_vendor:/opt/ros/jazzy/opt/gz_transport_vendor:/opt/ros/jazzy/opt/gz_rendering_vendor:/opt/ros/jazzy/opt/gz_plugin_vendor:/opt/ros/jazzy/opt/gz_fuel_tools_vendor:/opt/ros/jazzy/opt/gz_msgs_vendor:/opt/ros/jazzy/opt/gz_common_vendor:/opt/ros/jazzy/opt/gz_math_vendor:/opt/ros/jazzy/opt/gz_utils_vendor:/opt/ros/jazzy/opt/gz_tools_vendor:/opt/ros/jazzy/opt/gz_ogre_next_vendor:/opt/ros/jazzy/opt/gz_dartsim_vendor:/opt/ros/jazzy/opt/gz_cmake_vendor:/opt/ros/jazzy LD_LIBRARY_PATH=/home/ubuntu/ros_workspace/install/action_tutorials_interfaces/lib:${LD_LIBRARY_PATH} PYTHONPATH=/home/ubuntu/ros_workspace/install/action_tutorials_interfaces/lib/python3.12/site-packages:${PYTHONPATH} /usr/bin/cmake --build /home/ubuntu/ros_workspace/build/assignment_1_rt2 -- -j16 -l16
[0.337s] [ 12%] [32mBuilding CXX object CMakeFiles/client.dir/src/action_client.cpp.o[0m
[0.339s] [ 75%] [32mBuilding CXX object CMakeFiles/server.dir/src/action_server.cpp.o[0m
[0.340s] [ 75%] Built target server_exe
[0.340s] [ 75%] Built target client_exe
[10.215s] [ 87%] [32m[1mLinking CXX shared library libclient.so[0m
[10.815s] [ 87%] Built target client
[14.634s] [100%] [32m[1mLinking CXX shared library libserver.so[0m
[15.302s] [100%] Built target server
[15.323s] Invoked command in '/home/ubuntu/ros_workspace/build/assignment_1_rt2' returned '0': AMENT_PREFIX_PATH=/home/ubuntu/ros_workspace/install/bme_gazebo_sensors:/home/ubuntu/ros_workspace/install/action_tutorials_interfaces:${AMENT_PREFIX_PATH} CMAKE_PREFIX_PATH=/home/ubuntu/ros_workspace/install/bme_gazebo_sensors:/home/ubuntu/ros_workspace/install/action_tutorials_interfaces:/opt/ros/jazzy/opt/gz_launch_vendor:/opt/ros/jazzy/opt/gz_sim_vendor:/opt/ros/jazzy/opt/gz_sensors_vendor:/opt/ros/jazzy/opt/gz_physics_vendor:/opt/ros/jazzy/opt/sdformat_vendor:/opt/ros/jazzy/opt/gz_gui_vendor:/opt/ros/jazzy/opt/gz_transport_vendor:/opt/ros/jazzy/opt/gz_rendering_vendor:/opt/ros/jazzy/opt/gz_plugin_vendor:/opt/ros/jazzy/opt/gz_fuel_tools_vendor:/opt/ros/jazzy/opt/gz_msgs_vendor:/opt/ros/jazzy/opt/gz_common_vendor:/opt/ros/jazzy/opt/gz_math_vendor:/opt/ros/jazzy/opt/gz_utils_vendor:/opt/ros/jazzy/opt/gz_tools_vendor:/opt/ros/jazzy/opt/gz_ogre_next_vendor:/opt/ros/jazzy/opt/gz_dartsim_vendor:/opt/ros/jazzy/opt/gz_cmake_vendor:/opt/ros/jazzy LD_LIBRARY_PATH=/home/ubuntu/ros_workspace/install/action_tutorials_interfaces/lib:${LD_LIBRARY_PATH} PYTHONPATH=/home/ubuntu/ros_workspace/install/action_tutorials_interfaces/lib/python3.12/site-packages:${PYTHONPATH} /usr/bin/cmake --build /home/ubuntu/ros_workspace/build/assignment_1_rt2 -- -j16 -l16
[15.340s] Invoking command in '/home/ubuntu/ros_workspace/build/assignment_1_rt2': AMENT_PREFIX_PATH=/home/ubuntu/ros_workspace/install/bme_gazebo_sensors:/home/ubuntu/ros_workspace/install/action_tutorials_interfaces:${AMENT_PREFIX_PATH} CMAKE_PREFIX_PATH=/home/ubuntu/ros_workspace/install/bme_gazebo_sensors:/home/ubuntu/ros_workspace/install/action_tutorials_interfaces:/opt/ros/jazzy/opt/gz_launch_vendor:/opt/ros/jazzy/opt/gz_sim_vendor:/opt/ros/jazzy/opt/gz_sensors_vendor:/opt/ros/jazzy/opt/gz_physics_vendor:/opt/ros/jazzy/opt/sdformat_vendor:/opt/ros/jazzy/opt/gz_gui_vendor:/opt/ros/jazzy/opt/gz_transport_vendor:/opt/ros/jazzy/opt/gz_rendering_vendor:/opt/ros/jazzy/opt/gz_plugin_vendor:/opt/ros/jazzy/opt/gz_fuel_tools_vendor:/opt/ros/jazzy/opt/gz_msgs_vendor:/opt/ros/jazzy/opt/gz_common_vendor:/opt/ros/jazzy/opt/gz_math_vendor:/opt/ros/jazzy/opt/gz_utils_vendor:/opt/ros/jazzy/opt/gz_tools_vendor:/opt/ros/jazzy/opt/gz_ogre_next_vendor:/opt/ros/jazzy/opt/gz_dartsim_vendor:/opt/ros/jazzy/opt/gz_cmake_vendor:/opt/ros/jazzy LD_LIBRARY_PATH=/home/ubuntu/ros_workspace/install/action_tutorials_interfaces/lib:${LD_LIBRARY_PATH} PYTHONPATH=/home/ubuntu/ros_workspace/install/action_tutorials_interfaces/lib/python3.12/site-packages:${PYTHONPATH} /usr/bin/cmake --install /home/ubuntu/ros_workspace/build/assignment_1_rt2
[15.356s] -- Install configuration: ""
[15.358s] -- Up-to-date: /home/ubuntu/ros_workspace/install/assignment_1_rt2/lib/assignment_1_rt2/client_exe
[15.359s] -- Up-to-date: /home/ubuntu/ros_workspace/install/assignment_1_rt2/lib/assignment_1_rt2/server_exe
[15.359s] -- Installing: /home/ubuntu/ros_workspace/install/assignment_1_rt2/lib/libclient.so
[15.372s] -- Set non-toolchain portion of runtime path of "/home/ubuntu/ros_workspace/install/assignment_1_rt2/lib/libclient.so" to ""
[15.373s] -- Installing: /home/ubuntu/ros_workspace/install/assignment_1_rt2/lib/libserver.so
[15.394s] -- Set non-toolchain portion of runtime path of "/home/ubuntu/ros_workspace/install/assignment_1_rt2/lib/libserver.so" to ""
[15.394s] -- Installing: /home/ubuntu/ros_workspace/install/assignment_1_rt2/lib/assignment_1_rt2/user_interface.py
[15.396s] -- Up-to-date: /home/ubuntu/ros_workspace/install/assignment_1_rt2/share/assignment_1_rt2/launch
[15.396s] -- Up-to-date: /home/ubuntu/ros_workspace/install/assignment_1_rt2/share/assignment_1_rt2/launch/simulation.launch.py
[15.396s] -- Up-to-date: /home/ubuntu/ros_workspace/install/assignment_1_rt2/share/ament_index/resource_index/package_run_dependencies/assignment_1_rt2
[15.397s] -- Up-to-date: /home/ubuntu/ros_workspace/install/assignment_1_rt2/share/ament_index/resource_index/parent_prefix_path/assignment_1_rt2
[15.397s] -- Up-to-date: /home/ubuntu/ros_workspace/install/assignment_1_rt2/share/assignment_1_rt2/environment/ament_prefix_path.sh
[15.397s] -- Up-to-date: /home/ubuntu/ros_workspace/install/assignment_1_rt2/share/assignment_1_rt2/environment/ament_prefix_path.dsv
[15.397s] -- Up-to-date: /home/ubuntu/ros_workspace/install/assignment_1_rt2/share/assignment_1_rt2/environment/path.sh
[15.397s] -- Up-to-date: /home/ubuntu/ros_workspace/install/assignment_1_rt2/share/assignment_1_rt2/environment/path.dsv
[15.397s] -- Up-to-date: /home/ubuntu/ros_workspace/install/assignment_1_rt2/share/assignment_1_rt2/local_setup.bash
[15.397s] -- Up-to-date: /home/ubuntu/ros_workspace/install/assignment_1_rt2/share/assignment_1_rt2/local_setup.sh
[15.397s] -- Up-to-date: /home/ubuntu/ros_workspace/install/assignment_1_rt2/share/assignment_1_rt2/local_setup.zsh
[15.398s] -- Up-to-date: /home/ubuntu/ros_workspace/install/assignment_1_rt2/share/assignment_1_rt2/local_setup.dsv
[15.398s] -- Installing: /home/ubuntu/ros_workspace/install/assignment_1_rt2/share/assignment_1_rt2/package.dsv
[15.398s] -- Up-to-date: /home/ubuntu/ros_workspace/install/assignment_1_rt2/share/ament_index/resource_index/packages/assignment_1_rt2
[15.398s] -- Up-to-date: /home/ubuntu/ros_workspace/install/assignment_1_rt2/share/ament_index/resource_index/rclcpp_components/assignment_1_rt2
[15.398s] -- Up-to-date: /home/ubuntu/ros_workspace/install/assignment_1_rt2/share/assignment_1_rt2/cmake/export_assignment_1_rt2_clientExport.cmake
[15.398s] -- Up-to-date: /home/ubuntu/ros_workspace/install/assignment_1_rt2/share/assignment_1_rt2/cmake/export_assignment_1_rt2_clientExport-noconfig.cmake
[15.399s] -- Up-to-date: /home/ubuntu/ros_workspace/install/assignment_1_rt2/share/assignment_1_rt2/cmake/export_assignment_1_rt2_serverExport.cmake
[15.399s] -- Up-to-date: /home/ubuntu/ros_workspace/install/assignment_1_rt2/share/assignment_1_rt2/cmake/export_assignment_1_rt2_serverExport-noconfig.cmake
[15.399s] -- Up-to-date: /home/ubuntu/ros_workspace/install/assignment_1_rt2/share/assignment_1_rt2/cmake/ament_cmake_export_targets-extras.cmake
[15.399s] -- Up-to-date: /home/ubuntu/ros_workspace/install/assignment_1_rt2/share/assignment_1_rt2/cmake/assignment_1_rt2Config.cmake
[15.399s] -- Up-to-date: /home/ubuntu/ros_workspace/install/assignment_1_rt2/share/assignment_1_rt2/cmake/assignment_1_rt2Config-version.cmake
[15.399s] -- Up-to-date: /home/ubuntu/ros_workspace/install/assignment_1_rt2/share/assignment_1_rt2/package.xml
[15.403s] Invoked command in '/home/ubuntu/ros_workspace/build/assignment_1_rt2' returned '0': AMENT_PREFIX_PATH=/home/ubuntu/ros_workspace/install/bme_gazebo_sensors:/home/ubuntu/ros_workspace/install/action_tutorials_interfaces:${AMENT_PREFIX_PATH} CMAKE_PREFIX_PATH=/home/ubuntu/ros_workspace/install/bme_gazebo_sensors:/home/ubuntu/ros_workspace/install/action_tutorials_interfaces:/opt/ros/jazzy/opt/gz_launch_vendor:/opt/ros/jazzy/opt/gz_sim_vendor:/opt/ros/jazzy/opt/gz_sensors_vendor:/opt/ros/jazzy/opt/gz_physics_vendor:/opt/ros/jazzy/opt/sdformat_vendor:/opt/ros/jazzy/opt/gz_gui_vendor:/opt/ros/jazzy/opt/gz_transport_vendor:/opt/ros/jazzy/opt/gz_rendering_vendor:/opt/ros/jazzy/opt/gz_plugin_vendor:/opt/ros/jazzy/opt/gz_fuel_tools_vendor:/opt/ros/jazzy/opt/gz_msgs_vendor:/opt/ros/jazzy/opt/gz_common_vendor:/opt/ros/jazzy/opt/gz_math_vendor:/opt/ros/jazzy/opt/gz_utils_vendor:/opt/ros/jazzy/opt/gz_tools_vendor:/opt/ros/jazzy/opt/gz_ogre_next_vendor:/opt/ros/jazzy/opt/gz_dartsim_vendor:/opt/ros/jazzy/opt/gz_cmake_vendor:/opt/ros/jazzy LD_LIBRARY_PATH=/home/ubuntu/ros_workspace/install/action_tutorials_interfaces/lib:${LD_LIBRARY_PATH} PYTHONPATH=/home/ubuntu/ros_workspace/install/action_tutorials_interfaces/lib/python3.12/site-packages:${PYTHONPATH} /usr/bin/cmake --install /home/ubuntu/ros_workspace/build/assignment_1_rt2
