[0.026s] Invoking command in '/home/ubuntu/ros_workspace/build/action_tutorials_interfaces': CMAKE_PREFIX_PATH=${CMAKE_PREFIX_PATH}:/opt/ros/jazzy /usr/bin/cmake --build /home/ubuntu/ros_workspace/build/action_tutorials_interfaces -- -j16 -l16
[0.175s] [  1%] Built target action_tutorials_interfaces__rosidl_generator_type_description
[0.215s] [  1%] Built target ament_cmake_python_copy_action_tutorials_interfaces
[0.224s] [  3%] Built target action_tutorials_interfaces__cpp
[0.242s] [ 24%] Built target action_tutorials_interfaces__rosidl_generator_c
[0.300s] [ 33%] Built target action_tutorials_interfaces__rosidl_typesupport_introspection_c
[0.303s] [ 48%] Built target action_tutorials_interfaces__rosidl_typesupport_c
[0.303s] [ 51%] Built target action_tutorials_interfaces__rosidl_typesupport_cpp
[0.307s] [ 61%] Built target action_tutorials_interfaces__rosidl_typesupport_introspection_cpp
[0.308s] [ 79%] Built target action_tutorials_interfaces__rosidl_typesupport_fastrtps_cpp
[0.308s] [ 79%] Built target action_tutorials_interfaces__rosidl_typesupport_fastrtps_c
[0.349s] [ 79%] Built target action_tutorials_interfaces
[0.394s] [ 81%] Built target action_tutorials_interfaces__py
[0.452s] [ 88%] Built target action_tutorials_interfaces__rosidl_generator_py
[0.501s] [ 96%] Built target action_tutorials_interfaces_s__rosidl_typesupport_c
[0.501s] [100%] Built target action_tutorials_interfaces_s__rosidl_typesupport_introspection_c
[0.502s] [ 98%] Built target action_tutorials_interfaces_s__rosidl_typesupport_fastrtps_c
[0.502s] running egg_info
[0.521s] writing action_tutorials_interfaces.egg-info/PKG-INFO
[0.522s] writing dependency_links to action_tutorials_interfaces.egg-info/dependency_links.txt
[0.522s] writing top-level names to action_tutorials_interfaces.egg-info/top_level.txt
[0.585s] reading manifest file 'action_tutorials_interfaces.egg-info/SOURCES.txt'
[0.586s] writing manifest file 'action_tutorials_interfaces.egg-info/SOURCES.txt'
[0.629s] [100%] Built target ament_cmake_python_build_action_tutorials_interfaces_egg
[0.657s] Invoked command in '/home/ubuntu/ros_workspace/build/action_tutorials_interfaces' returned '0': CMAKE_PREFIX_PATH=${CMAKE_PREFIX_PATH}:/opt/ros/jazzy /usr/bin/cmake --build /home/ubuntu/ros_workspace/build/action_tutorials_interfaces -- -j16 -l16
[0.681s] Invoking command in '/home/ubuntu/ros_workspace/build/action_tutorials_interfaces': CMAKE_PREFIX_PATH=${CMAKE_PREFIX_PATH}:/opt/ros/jazzy /usr/bin/cmake --install /home/ubuntu/ros_workspace/build/action_tutorials_interfaces
[0.700s] -- Install configuration: ""
[0.702s] -- Up-to-date: /home/ubuntu/ros_workspace/install/action_tutorials_interfaces/share/ament_index/resource_index/rosidl_interfaces/action_tutorials_interfaces
[0.702s] -- Up-to-date: /home/ubuntu/ros_workspace/install/action_tutorials_interfaces/share/action_tutorials_interfaces/action/Fibonacci.json
[0.702s] -- Up-to-date: /home/ubuntu/ros_workspace/install/action_tutorials_interfaces/share/action_tutorials_interfaces/action/Tut1.json
[0.703s] -- Up-to-date: /home/ubuntu/ros_workspace/install/action_tutorials_interfaces/share/action_tutorials_interfaces/action/Assignment1RT2.json
[0.703s] -- Up-to-date: /home/ubuntu/ros_workspace/install/action_tutorials_interfaces/include/action_tutorials_interfaces/action_tutorials_interfaces
[0.704s] -- Up-to-date: /home/ubuntu/ros_workspace/install/action_tutorials_interfaces/include/action_tutorials_interfaces/action_tutorials_interfaces/action
[0.704s] -- Up-to-date: /home/ubuntu/ros_workspace/install/action_tutorials_interfaces/include/action_tutorials_interfaces/action_tutorials_interfaces/action/detail
[0.704s] -- Up-to-date: /home/ubuntu/ros_workspace/install/action_tutorials_interfaces/include/action_tutorials_interfaces/action_tutorials_interfaces/action/detail/tut1__type_support.c
[0.705s] -- Up-to-date: /home/ubuntu/ros_workspace/install/action_tutorials_interfaces/include/action_tutorials_interfaces/action_tutorials_interfaces/action/detail/assignment1_rt2__functions.c
[0.705s] -- Up-to-date: /home/ubuntu/ros_workspace/install/action_tutorials_interfaces/include/action_tutorials_interfaces/action_tutorials_interfaces/action/detail/tut1__description.c
[0.705s] -- Up-to-date: /home/ubuntu/ros_workspace/install/action_tutorials_interfaces/include/action_tutorials_interfaces/action_tutorials_interfaces/action/detail/fibonacci__description.c
[0.705s] -- Up-to-date: /home/ubuntu/ros_workspace/install/action_tutorials_interfaces/include/action_tutorials_interfaces/action_tutorials_interfaces/action/detail/tut1__functions.c
[0.706s] -- Up-to-date: /home/ubuntu/ros_workspace/install/action_tutorials_interfaces/include/action_tutorials_interfaces/action_tutorials_interfaces/action/detail/fibonacci__functions.h
[0.706s] -- Up-to-date: /home/ubuntu/ros_workspace/install/action_tutorials_interfaces/include/action_tutorials_interfaces/action_tutorials_interfaces/action/detail/assignment1_rt2__struct.h
[0.707s] -- Up-to-date: /home/ubuntu/ros_workspace/install/action_tutorials_interfaces/include/action_tutorials_interfaces/action_tutorials_interfaces/action/detail/fibonacci__functions.c
[0.707s] -- Up-to-date: /home/ubuntu/ros_workspace/install/action_tutorials_interfaces/include/action_tutorials_interfaces/action_tutorials_interfaces/action/detail/assignment1_rt2__functions.h
[0.707s] -- Up-to-date: /home/ubuntu/ros_workspace/install/action_tutorials_interfaces/include/action_tutorials_interfaces/action_tutorials_interfaces/action/detail/assignment1_rt2__description.c
[0.707s] -- Up-to-date: /home/ubuntu/ros_workspace/install/action_tutorials_interfaces/include/action_tutorials_interfaces/action_tutorials_interfaces/action/detail/fibonacci__type_support.h
[0.707s] -- Up-to-date: /home/ubuntu/ros_workspace/install/action_tutorials_interfaces/include/action_tutorials_interfaces/action_tutorials_interfaces/action/detail/fibonacci__type_support.c
[0.707s] -- Up-to-date: /home/ubuntu/ros_workspace/install/action_tutorials_interfaces/include/action_tutorials_interfaces/action_tutorials_interfaces/action/detail/assignment1_rt2__type_support.h
[0.707s] -- Up-to-date: /home/ubuntu/ros_workspace/install/action_tutorials_interfaces/include/action_tutorials_interfaces/action_tutorials_interfaces/action/detail/tut1__struct.h
[0.708s] -- Up-to-date: /home/ubuntu/ros_workspace/install/action_tutorials_interfaces/include/action_tutorials_interfaces/action_tutorials_interfaces/action/detail/tut1__functions.h
[0.708s] -- Up-to-date: /home/ubuntu/ros_workspace/install/action_tutorials_interfaces/include/action_tutorials_interfaces/action_tutorials_interfaces/action/detail/tut1__type_support.h
[0.708s] -- Up-to-date: /home/ubuntu/ros_workspace/install/action_tutorials_interfaces/include/action_tutorials_interfaces/action_tutorials_interfaces/action/detail/fibonacci__struct.h
[0.708s] -- Up-to-date: /home/ubuntu/ros_workspace/install/action_tutorials_interfaces/include/action_tutorials_interfaces/action_tutorials_interfaces/action/detail/assignment1_rt2__type_support.c
[0.708s] -- Up-to-date: /home/ubuntu/ros_workspace/install/action_tutorials_interfaces/include/action_tutorials_interfaces/action_tutorials_interfaces/action/assignment1_rt2.h
[0.708s] -- Up-to-date: /home/ubuntu/ros_workspace/install/action_tutorials_interfaces/include/action_tutorials_interfaces/action_tutorials_interfaces/action/fibonacci.h
[0.708s] -- Up-to-date: /home/ubuntu/ros_workspace/install/action_tutorials_interfaces/include/action_tutorials_interfaces/action_tutorials_interfaces/action/tut1.h
[0.708s] -- Up-to-date: /home/ubuntu/ros_workspace/install/action_tutorials_interfaces/include/action_tutorials_interfaces/action_tutorials_interfaces/msg
[0.708s] -- Up-to-date: /home/ubuntu/ros_workspace/install/action_tutorials_interfaces/include/action_tutorials_interfaces/action_tutorials_interfaces/msg/rosidl_generator_c__visibility_control.h
[0.709s] -- Up-to-date: /home/ubuntu/ros_workspace/install/action_tutorials_interfaces/share/action_tutorials_interfaces/environment/library_path.sh
[0.709s] -- Up-to-date: /home/ubuntu/ros_workspace/install/action_tutorials_interfaces/share/action_tutorials_interfaces/environment/library_path.dsv
[0.709s] -- Up-to-date: /home/ubuntu/ros_workspace/install/action_tutorials_interfaces/lib/libaction_tutorials_interfaces__rosidl_generator_c.so
[0.710s] -- Up-to-date: /home/ubuntu/ros_workspace/install/action_tutorials_interfaces/include/action_tutorials_interfaces/action_tutorials_interfaces
[0.710s] -- Up-to-date: /home/ubuntu/ros_workspace/install/action_tutorials_interfaces/include/action_tutorials_interfaces/action_tutorials_interfaces/action
[0.711s] -- Up-to-date: /home/ubuntu/ros_workspace/install/action_tutorials_interfaces/include/action_tutorials_interfaces/action_tutorials_interfaces/action/detail
[0.711s] -- Up-to-date: /home/ubuntu/ros_workspace/install/action_tutorials_interfaces/include/action_tutorials_interfaces/action_tutorials_interfaces/action/detail/tut1__rosidl_typesupport_fastrtps_c.h
[0.712s] -- Up-to-date: /home/ubuntu/ros_workspace/install/action_tutorials_interfaces/include/action_tutorials_interfaces/action_tutorials_interfaces/action/detail/assignment1_rt2__rosidl_typesupport_fastrtps_c.h
[0.712s] -- Up-to-date: /home/ubuntu/ros_workspace/install/action_tutorials_interfaces/include/action_tutorials_interfaces/action_tutorials_interfaces/action/detail/fibonacci__rosidl_typesupport_fastrtps_c.h
[0.712s] -- Up-to-date: /home/ubuntu/ros_workspace/install/action_tutorials_interfaces/include/action_tutorials_interfaces/action_tutorials_interfaces/msg
[0.713s] -- Up-to-date: /home/ubuntu/ros_workspace/install/action_tutorials_interfaces/include/action_tutorials_interfaces/action_tutorials_interfaces/msg/rosidl_typesupport_fastrtps_c__visibility_control.h
[0.713s] -- Up-to-date: /home/ubuntu/ros_workspace/install/action_tutorials_interfaces/lib/libaction_tutorials_interfaces__rosidl_typesupport_fastrtps_c.so
[0.714s] -- Up-to-date: /home/ubuntu/ros_workspace/install/action_tutorials_interfaces/include/action_tutorials_interfaces/action_tutorials_interfaces
[0.714s] -- Up-to-date: /home/ubuntu/ros_workspace/install/action_tutorials_interfaces/include/action_tutorials_interfaces/action_tutorials_interfaces/action
[0.714s] -- Up-to-date: /home/ubuntu/ros_workspace/install/action_tutorials_interfaces/include/action_tutorials_interfaces/action_tutorials_interfaces/action/detail
[0.715s] -- Up-to-date: /home/ubuntu/ros_workspace/install/action_tutorials_interfaces/include/action_tutorials_interfaces/action_tutorials_interfaces/action/detail/tut1__type_support.c
[0.715s] -- Up-to-date: /home/ubuntu/ros_workspace/install/action_tutorials_interfaces/include/action_tutorials_interfaces/action_tutorials_interfaces/action/detail/assignment1_rt2__rosidl_typesupport_introspection_c.h
[0.716s] -- Up-to-date: /home/ubuntu/ros_workspace/install/action_tutorials_interfaces/include/action_tutorials_interfaces/action_tutorials_interfaces/action/detail/fibonacci__rosidl_typesupport_introspection_c.h
[0.716s] -- Up-to-date: /home/ubuntu/ros_workspace/install/action_tutorials_interfaces/include/action_tutorials_interfaces/action_tutorials_interfaces/action/detail/tut1__rosidl_typesupport_introspection_c.h
[0.716s] -- Up-to-date: /home/ubuntu/ros_workspace/install/action_tutorials_interfaces/include/action_tutorials_interfaces/action_tutorials_interfaces/action/detail/fibonacci__type_support.c
[0.716s] -- Up-to-date: /home/ubuntu/ros_workspace/install/action_tutorials_interfaces/include/action_tutorials_interfaces/action_tutorials_interfaces/action/detail/assignment1_rt2__type_support.c
[0.717s] -- Up-to-date: /home/ubuntu/ros_workspace/install/action_tutorials_interfaces/include/action_tutorials_interfaces/action_tutorials_interfaces/msg
[0.718s] -- Up-to-date: /home/ubuntu/ros_workspace/install/action_tutorials_interfaces/include/action_tutorials_interfaces/action_tutorials_interfaces/msg/rosidl_typesupport_introspection_c__visibility_control.h
[0.718s] -- Up-to-date: /home/ubuntu/ros_workspace/install/action_tutorials_interfaces/lib/libaction_tutorials_interfaces__rosidl_typesupport_introspection_c.so
[0.719s] -- Up-to-date: /home/ubuntu/ros_workspace/install/action_tutorials_interfaces/lib/libaction_tutorials_interfaces__rosidl_typesupport_c.so
[0.720s] -- Up-to-date: /home/ubuntu/ros_workspace/install/action_tutorials_interfaces/include/action_tutorials_interfaces/action_tutorials_interfaces
[0.720s] -- Up-to-date: /home/ubuntu/ros_workspace/install/action_tutorials_interfaces/include/action_tutorials_interfaces/action_tutorials_interfaces/action
[0.721s] -- Up-to-date: /home/ubuntu/ros_workspace/install/action_tutorials_interfaces/include/action_tutorials_interfaces/action_tutorials_interfaces/action/detail
[0.721s] -- Up-to-date: /home/ubuntu/ros_workspace/install/action_tutorials_interfaces/include/action_tutorials_interfaces/action_tutorials_interfaces/action/detail/assignment1_rt2__type_support.hpp
[0.721s] -- Up-to-date: /home/ubuntu/ros_workspace/install/action_tutorials_interfaces/include/action_tutorials_interfaces/action_tutorials_interfaces/action/detail/tut1__type_support.hpp
[0.721s] -- Up-to-date: /home/ubuntu/ros_workspace/install/action_tutorials_interfaces/include/action_tutorials_interfaces/action_tutorials_interfaces/action/detail/fibonacci__builder.hpp
[0.722s] -- Up-to-date: /home/ubuntu/ros_workspace/install/action_tutorials_interfaces/include/action_tutorials_interfaces/action_tutorials_interfaces/action/detail/fibonacci__type_support.hpp
[0.722s] -- Up-to-date: /home/ubuntu/ros_workspace/install/action_tutorials_interfaces/include/action_tutorials_interfaces/action_tutorials_interfaces/action/detail/tut1__traits.hpp
[0.723s] -- Up-to-date: /home/ubuntu/ros_workspace/install/action_tutorials_interfaces/include/action_tutorials_interfaces/action_tutorials_interfaces/action/detail/assignment1_rt2__builder.hpp
[0.723s] -- Up-to-date: /home/ubuntu/ros_workspace/install/action_tutorials_interfaces/include/action_tutorials_interfaces/action_tutorials_interfaces/action/detail/assignment1_rt2__struct.hpp
[0.723s] -- Up-to-date: /home/ubuntu/ros_workspace/install/action_tutorials_interfaces/include/action_tutorials_interfaces/action_tutorials_interfaces/action/detail/fibonacci__struct.hpp
[0.723s] -- Up-to-date: /home/ubuntu/ros_workspace/install/action_tutorials_interfaces/include/action_tutorials_interfaces/action_tutorials_interfaces/action/detail/tut1__builder.hpp
[0.724s] -- Up-to-date: /home/ubuntu/ros_workspace/install/action_tutorials_interfaces/include/action_tutorials_interfaces/action_tutorials_interfaces/action/detail/fibonacci__traits.hpp
[0.724s] -- Up-to-date: /home/ubuntu/ros_workspace/install/action_tutorials_interfaces/include/action_tutorials_interfaces/action_tutorials_interfaces/action/detail/tut1__struct.hpp
[0.724s] -- Up-to-date: /home/ubuntu/ros_workspace/install/action_tutorials_interfaces/include/action_tutorials_interfaces/action_tutorials_interfaces/action/detail/assignment1_rt2__traits.hpp
[0.724s] -- Up-to-date: /home/ubuntu/ros_workspace/install/action_tutorials_interfaces/include/action_tutorials_interfaces/action_tutorials_interfaces/action/fibonacci.hpp
[0.724s] -- Up-to-date: /home/ubuntu/ros_workspace/install/action_tutorials_interfaces/include/action_tutorials_interfaces/action_tutorials_interfaces/action/assignment1_rt2.hpp
[0.724s] -- Up-to-date: /home/ubuntu/ros_workspace/install/action_tutorials_interfaces/include/action_tutorials_interfaces/action_tutorials_interfaces/action/tut1.hpp
[0.724s] -- Up-to-date: /home/ubuntu/ros_workspace/install/action_tutorials_interfaces/include/action_tutorials_interfaces/action_tutorials_interfaces/msg
[0.724s] -- Up-to-date: /home/ubuntu/ros_workspace/install/action_tutorials_interfaces/include/action_tutorials_interfaces/action_tutorials_interfaces/msg/rosidl_generator_cpp__visibility_control.hpp
[0.725s] -- Up-to-date: /home/ubuntu/ros_workspace/install/action_tutorials_interfaces/include/action_tutorials_interfaces/action_tutorials_interfaces
[0.725s] -- Up-to-date: /home/ubuntu/ros_workspace/install/action_tutorials_interfaces/include/action_tutorials_interfaces/action_tutorials_interfaces/action
[0.725s] -- Up-to-date: /home/ubuntu/ros_workspace/install/action_tutorials_interfaces/include/action_tutorials_interfaces/action_tutorials_interfaces/action/detail
[0.725s] -- Up-to-date: /home/ubuntu/ros_workspace/install/action_tutorials_interfaces/include/action_tutorials_interfaces/action_tutorials_interfaces/action/detail/dds_fastrtps
[0.725s] -- Up-to-date: /home/ubuntu/ros_workspace/install/action_tutorials_interfaces/include/action_tutorials_interfaces/action_tutorials_interfaces/action/detail/fibonacci__rosidl_typesupport_fastrtps_cpp.hpp
[0.726s] -- Up-to-date: /home/ubuntu/ros_workspace/install/action_tutorials_interfaces/include/action_tutorials_interfaces/action_tutorials_interfaces/action/detail/assignment1_rt2__rosidl_typesupport_fastrtps_cpp.hpp
[0.726s] -- Up-to-date: /home/ubuntu/ros_workspace/install/action_tutorials_interfaces/include/action_tutorials_interfaces/action_tutorials_interfaces/action/detail/tut1__rosidl_typesupport_fastrtps_cpp.hpp
[0.726s] -- Up-to-date: /home/ubuntu/ros_workspace/install/action_tutorials_interfaces/include/action_tutorials_interfaces/action_tutorials_interfaces/msg
[0.726s] -- Up-to-date: /home/ubuntu/ros_workspace/install/action_tutorials_interfaces/include/action_tutorials_interfaces/action_tutorials_interfaces/msg/rosidl_typesupport_fastrtps_cpp__visibility_control.h
[0.727s] -- Up-to-date: /home/ubuntu/ros_workspace/install/action_tutorials_interfaces/lib/libaction_tutorials_interfaces__rosidl_typesupport_fastrtps_cpp.so
[0.727s] -- Up-to-date: /home/ubuntu/ros_workspace/install/action_tutorials_interfaces/include/action_tutorials_interfaces/action_tutorials_interfaces
[0.728s] -- Up-to-date: /home/ubuntu/ros_workspace/install/action_tutorials_interfaces/include/action_tutorials_interfaces/action_tutorials_interfaces/action
[0.728s] -- Up-to-date: /home/ubuntu/ros_workspace/install/action_tutorials_interfaces/include/action_tutorials_interfaces/action_tutorials_interfaces/action/detail
[0.728s] -- Up-to-date: /home/ubuntu/ros_workspace/install/action_tutorials_interfaces/include/action_tutorials_interfaces/action_tutorials_interfaces/action/detail/fibonacci__type_support.cpp
[0.728s] -- Up-to-date: /home/ubuntu/ros_workspace/install/action_tutorials_interfaces/include/action_tutorials_interfaces/action_tutorials_interfaces/action/detail/assignment1_rt2__type_support.cpp
[0.728s] -- Up-to-date: /home/ubuntu/ros_workspace/install/action_tutorials_interfaces/include/action_tutorials_interfaces/action_tutorials_interfaces/action/detail/fibonacci__rosidl_typesupport_introspection_cpp.hpp
[0.729s] -- Up-to-date: /home/ubuntu/ros_workspace/install/action_tutorials_interfaces/include/action_tutorials_interfaces/action_tutorials_interfaces/action/detail/tut1__rosidl_typesupport_introspection_cpp.hpp
[0.729s] -- Up-to-date: /home/ubuntu/ros_workspace/install/action_tutorials_interfaces/include/action_tutorials_interfaces/action_tutorials_interfaces/action/detail/tut1__type_support.cpp
[0.729s] -- Up-to-date: /home/ubuntu/ros_workspace/install/action_tutorials_interfaces/include/action_tutorials_interfaces/action_tutorials_interfaces/action/detail/assignment1_rt2__rosidl_typesupport_introspection_cpp.hpp
[0.730s] -- Up-to-date: /home/ubuntu/ros_workspace/install/action_tutorials_interfaces/lib/libaction_tutorials_interfaces__rosidl_typesupport_introspection_cpp.so
[0.733s] -- Up-to-date: /home/ubuntu/ros_workspace/install/action_tutorials_interfaces/lib/libaction_tutorials_interfaces__rosidl_typesupport_cpp.so
[0.733s] -- Up-to-date: /home/ubuntu/ros_workspace/install/action_tutorials_interfaces/share/action_tutorials_interfaces/environment/pythonpath.sh
[0.734s] -- Up-to-date: /home/ubuntu/ros_workspace/install/action_tutorials_interfaces/share/action_tutorials_interfaces/environment/pythonpath.dsv
[0.734s] -- Up-to-date: /home/ubuntu/ros_workspace/install/action_tutorials_interfaces/lib/python3.12/site-packages/action_tutorials_interfaces-0.0.0-py3.12.egg-info
[0.734s] -- Installing: /home/ubuntu/ros_workspace/install/action_tutorials_interfaces/lib/python3.12/site-packages/action_tutorials_interfaces-0.0.0-py3.12.egg-info/top_level.txt
[0.735s] -- Installing: /home/ubuntu/ros_workspace/install/action_tutorials_interfaces/lib/python3.12/site-packages/action_tutorials_interfaces-0.0.0-py3.12.egg-info/SOURCES.txt
[0.736s] -- Installing: /home/ubuntu/ros_workspace/install/action_tutorials_interfaces/lib/python3.12/site-packages/action_tutorials_interfaces-0.0.0-py3.12.egg-info/PKG-INFO
[0.736s] -- Installing: /home/ubuntu/ros_workspace/install/action_tutorials_interfaces/lib/python3.12/site-packages/action_tutorials_interfaces-0.0.0-py3.12.egg-info/dependency_links.txt
[0.737s] -- Up-to-date: /home/ubuntu/ros_workspace/install/action_tutorials_interfaces/lib/python3.12/site-packages/action_tutorials_interfaces
[0.738s] -- Up-to-date: /home/ubuntu/ros_workspace/install/action_tutorials_interfaces/lib/python3.12/site-packages/action_tutorials_interfaces/_action_tutorials_interfaces_s.ep.rosidl_typesupport_c.c
[0.738s] -- Up-to-date: /home/ubuntu/ros_workspace/install/action_tutorials_interfaces/lib/python3.12/site-packages/action_tutorials_interfaces/action_tutorials_interfaces_s__rosidl_typesupport_fastrtps_c.so
[0.738s] -- Up-to-date: /home/ubuntu/ros_workspace/install/action_tutorials_interfaces/lib/python3.12/site-packages/action_tutorials_interfaces/action_tutorials_interfaces_s__rosidl_typesupport_introspection_c.so
[0.739s] -- Up-to-date: /home/ubuntu/ros_workspace/install/action_tutorials_interfaces/lib/python3.12/site-packages/action_tutorials_interfaces/_action_tutorials_interfaces_s.ep.rosidl_typesupport_introspection_c.c
[0.739s] -- Up-to-date: /home/ubuntu/ros_workspace/install/action_tutorials_interfaces/lib/python3.12/site-packages/action_tutorials_interfaces/action_tutorials_interfaces_s__rosidl_typesupport_c.so
[0.739s] -- Up-to-date: /home/ubuntu/ros_workspace/install/action_tutorials_interfaces/lib/python3.12/site-packages/action_tutorials_interfaces/_action_tutorials_interfaces_s.ep.rosidl_typesupport_fastrtps_c.c
[0.740s] -- Up-to-date: /home/ubuntu/ros_workspace/install/action_tutorials_interfaces/lib/python3.12/site-packages/action_tutorials_interfaces/action
[0.740s] -- Up-to-date: /home/ubuntu/ros_workspace/install/action_tutorials_interfaces/lib/python3.12/site-packages/action_tutorials_interfaces/action/_tut1_s.c
[0.740s] -- Up-to-date: /home/ubuntu/ros_workspace/install/action_tutorials_interfaces/lib/python3.12/site-packages/action_tutorials_interfaces/action/_fibonacci_s.c
[0.740s] -- Up-to-date: /home/ubuntu/ros_workspace/install/action_tutorials_interfaces/lib/python3.12/site-packages/action_tutorials_interfaces/action/_tut1.py
[0.740s] -- Up-to-date: /home/ubuntu/ros_workspace/install/action_tutorials_interfaces/lib/python3.12/site-packages/action_tutorials_interfaces/action/__init__.py
[0.740s] -- Up-to-date: /home/ubuntu/ros_workspace/install/action_tutorials_interfaces/lib/python3.12/site-packages/action_tutorials_interfaces/action/_assignment1_rt2.py
[0.740s] -- Up-to-date: /home/ubuntu/ros_workspace/install/action_tutorials_interfaces/lib/python3.12/site-packages/action_tutorials_interfaces/action/_fibonacci.py
[0.741s] -- Up-to-date: /home/ubuntu/ros_workspace/install/action_tutorials_interfaces/lib/python3.12/site-packages/action_tutorials_interfaces/action/_assignment1_rt2_s.c
[0.741s] -- Up-to-date: /home/ubuntu/ros_workspace/install/action_tutorials_interfaces/lib/python3.12/site-packages/action_tutorials_interfaces/__init__.py
[0.794s] Listing '/home/ubuntu/ros_workspace/install/action_tutorials_interfaces/lib/python3.12/site-packages/action_tutorials_interfaces'...
[0.794s] Listing '/home/ubuntu/ros_workspace/install/action_tutorials_interfaces/lib/python3.12/site-packages/action_tutorials_interfaces/action'...
[0.803s] -- Up-to-date: /home/ubuntu/ros_workspace/install/action_tutorials_interfaces/lib/python3.12/site-packages/action_tutorials_interfaces/action_tutorials_interfaces_s__rosidl_typesupport_fastrtps_c.so
[0.805s] -- Up-to-date: /home/ubuntu/ros_workspace/install/action_tutorials_interfaces/lib/python3.12/site-packages/action_tutorials_interfaces/action_tutorials_interfaces_s__rosidl_typesupport_introspection_c.so
[0.806s] -- Up-to-date: /home/ubuntu/ros_workspace/install/action_tutorials_interfaces/lib/python3.12/site-packages/action_tutorials_interfaces/action_tutorials_interfaces_s__rosidl_typesupport_c.so
[0.808s] -- Up-to-date: /home/ubuntu/ros_workspace/install/action_tutorials_interfaces/lib/libaction_tutorials_interfaces__rosidl_generator_py.so
[0.808s] -- Up-to-date: /home/ubuntu/ros_workspace/install/action_tutorials_interfaces/share/action_tutorials_interfaces/action/Fibonacci.idl
[0.809s] -- Up-to-date: /home/ubuntu/ros_workspace/install/action_tutorials_interfaces/share/action_tutorials_interfaces/action/Tut1.idl
[0.809s] -- Up-to-date: /home/ubuntu/ros_workspace/install/action_tutorials_interfaces/share/action_tutorials_interfaces/action/Assignment1RT2.idl
[0.809s] -- Up-to-date: /home/ubuntu/ros_workspace/install/action_tutorials_interfaces/share/action_tutorials_interfaces/action/Fibonacci.action
[0.809s] -- Up-to-date: /home/ubuntu/ros_workspace/install/action_tutorials_interfaces/share/action_tutorials_interfaces/action/Tut1.action
[0.809s] -- Up-to-date: /home/ubuntu/ros_workspace/install/action_tutorials_interfaces/share/action_tutorials_interfaces/action/Assignment1RT2.action
[0.809s] -- Up-to-date: /home/ubuntu/ros_workspace/install/action_tutorials_interfaces/share/ament_index/resource_index/package_run_dependencies/action_tutorials_interfaces
[0.810s] -- Up-to-date: /home/ubuntu/ros_workspace/install/action_tutorials_interfaces/share/ament_index/resource_index/parent_prefix_path/action_tutorials_interfaces
[0.810s] -- Up-to-date: /home/ubuntu/ros_workspace/install/action_tutorials_interfaces/share/action_tutorials_interfaces/environment/ament_prefix_path.sh
[0.810s] -- Up-to-date: /home/ubuntu/ros_workspace/install/action_tutorials_interfaces/share/action_tutorials_interfaces/environment/ament_prefix_path.dsv
[0.810s] -- Up-to-date: /home/ubuntu/ros_workspace/install/action_tutorials_interfaces/share/action_tutorials_interfaces/environment/path.sh
[0.810s] -- Up-to-date: /home/ubuntu/ros_workspace/install/action_tutorials_interfaces/share/action_tutorials_interfaces/environment/path.dsv
[0.811s] -- Up-to-date: /home/ubuntu/ros_workspace/install/action_tutorials_interfaces/share/action_tutorials_interfaces/local_setup.bash
[0.811s] -- Up-to-date: /home/ubuntu/ros_workspace/install/action_tutorials_interfaces/share/action_tutorials_interfaces/local_setup.sh
[0.811s] -- Up-to-date: /home/ubuntu/ros_workspace/install/action_tutorials_interfaces/share/action_tutorials_interfaces/local_setup.zsh
[0.811s] -- Up-to-date: /home/ubuntu/ros_workspace/install/action_tutorials_interfaces/share/action_tutorials_interfaces/local_setup.dsv
[0.811s] -- Installing: /home/ubuntu/ros_workspace/install/action_tutorials_interfaces/share/action_tutorials_interfaces/package.dsv
[0.811s] -- Up-to-date: /home/ubuntu/ros_workspace/install/action_tutorials_interfaces/share/ament_index/resource_index/packages/action_tutorials_interfaces
[0.813s] -- Up-to-date: /home/ubuntu/ros_workspace/install/action_tutorials_interfaces/share/action_tutorials_interfaces/cmake/export_action_tutorials_interfaces__rosidl_generator_cExport.cmake
[0.813s] -- Up-to-date: /home/ubuntu/ros_workspace/install/action_tutorials_interfaces/share/action_tutorials_interfaces/cmake/export_action_tutorials_interfaces__rosidl_generator_cExport-noconfig.cmake
[0.814s] -- Up-to-date: /home/ubuntu/ros_workspace/install/action_tutorials_interfaces/share/action_tutorials_interfaces/cmake/export_action_tutorials_interfaces__rosidl_typesupport_fastrtps_cExport.cmake
[0.814s] -- Up-to-date: /home/ubuntu/ros_workspace/install/action_tutorials_interfaces/share/action_tutorials_interfaces/cmake/export_action_tutorials_interfaces__rosidl_typesupport_fastrtps_cExport-noconfig.cmake
[0.814s] -- Up-to-date: /home/ubuntu/ros_workspace/install/action_tutorials_interfaces/share/action_tutorials_interfaces/cmake/action_tutorials_interfaces__rosidl_typesupport_introspection_cExport.cmake
[0.815s] -- Up-to-date: /home/ubuntu/ros_workspace/install/action_tutorials_interfaces/share/action_tutorials_interfaces/cmake/action_tutorials_interfaces__rosidl_typesupport_introspection_cExport-noconfig.cmake
[0.815s] -- Up-to-date: /home/ubuntu/ros_workspace/install/action_tutorials_interfaces/share/action_tutorials_interfaces/cmake/action_tutorials_interfaces__rosidl_typesupport_cExport.cmake
[0.815s] -- Up-to-date: /home/ubuntu/ros_workspace/install/action_tutorials_interfaces/share/action_tutorials_interfaces/cmake/action_tutorials_interfaces__rosidl_typesupport_cExport-noconfig.cmake
[0.816s] -- Up-to-date: /home/ubuntu/ros_workspace/install/action_tutorials_interfaces/share/action_tutorials_interfaces/cmake/export_action_tutorials_interfaces__rosidl_generator_cppExport.cmake
[0.817s] -- Up-to-date: /home/ubuntu/ros_workspace/install/action_tutorials_interfaces/share/action_tutorials_interfaces/cmake/export_action_tutorials_interfaces__rosidl_typesupport_fastrtps_cppExport.cmake
[0.817s] -- Up-to-date: /home/ubuntu/ros_workspace/install/action_tutorials_interfaces/share/action_tutorials_interfaces/cmake/export_action_tutorials_interfaces__rosidl_typesupport_fastrtps_cppExport-noconfig.cmake
[0.818s] -- Up-to-date: /home/ubuntu/ros_workspace/install/action_tutorials_interfaces/share/action_tutorials_interfaces/cmake/action_tutorials_interfaces__rosidl_typesupport_introspection_cppExport.cmake
[0.818s] -- Up-to-date: /home/ubuntu/ros_workspace/install/action_tutorials_interfaces/share/action_tutorials_interfaces/cmake/action_tutorials_interfaces__rosidl_typesupport_introspection_cppExport-noconfig.cmake
[0.819s] -- Up-to-date: /home/ubuntu/ros_workspace/install/action_tutorials_interfaces/share/action_tutorials_interfaces/cmake/action_tutorials_interfaces__rosidl_typesupport_cppExport.cmake
[0.819s] -- Up-to-date: /home/ubuntu/ros_workspace/install/action_tutorials_interfaces/share/action_tutorials_interfaces/cmake/action_tutorials_interfaces__rosidl_typesupport_cppExport-noconfig.cmake
[0.820s] -- Up-to-date: /home/ubuntu/ros_workspace/install/action_tutorials_interfaces/share/action_tutorials_interfaces/cmake/export_action_tutorials_interfaces__rosidl_generator_pyExport.cmake
[0.820s] -- Up-to-date: /home/ubuntu/ros_workspace/install/action_tutorials_interfaces/share/action_tutorials_interfaces/cmake/export_action_tutorials_interfaces__rosidl_generator_pyExport-noconfig.cmake
[0.821s] -- Up-to-date: /home/ubuntu/ros_workspace/install/action_tutorials_interfaces/share/action_tutorials_interfaces/cmake/rosidl_cmake-extras.cmake
[0.821s] -- Up-to-date: /home/ubuntu/ros_workspace/install/action_tutorials_interfaces/share/action_tutorials_interfaces/cmake/ament_cmake_export_dependencies-extras.cmake
[0.821s] -- Up-to-date: /home/ubuntu/ros_workspace/install/action_tutorials_interfaces/share/action_tutorials_interfaces/cmake/ament_cmake_export_include_directories-extras.cmake
[0.821s] -- Up-to-date: /home/ubuntu/ros_workspace/install/action_tutorials_interfaces/share/action_tutorials_interfaces/cmake/ament_cmake_export_libraries-extras.cmake
[0.821s] -- Up-to-date: /home/ubuntu/ros_workspace/install/action_tutorials_interfaces/share/action_tutorials_interfaces/cmake/ament_cmake_export_targets-extras.cmake
[0.821s] -- Up-to-date: /home/ubuntu/ros_workspace/install/action_tutorials_interfaces/share/action_tutorials_interfaces/cmake/rosidl_cmake_export_typesupport_targets-extras.cmake
[0.822s] -- Up-to-date: /home/ubuntu/ros_workspace/install/action_tutorials_interfaces/share/action_tutorials_interfaces/cmake/rosidl_cmake_export_typesupport_libraries-extras.cmake
[0.822s] -- Up-to-date: /home/ubuntu/ros_workspace/install/action_tutorials_interfaces/share/action_tutorials_interfaces/cmake/action_tutorials_interfacesConfig.cmake
[0.822s] -- Up-to-date: /home/ubuntu/ros_workspace/install/action_tutorials_interfaces/share/action_tutorials_interfaces/cmake/action_tutorials_interfacesConfig-version.cmake
[0.822s] -- Up-to-date: /home/ubuntu/ros_workspace/install/action_tutorials_interfaces/share/action_tutorials_interfaces/package.xml
[0.825s] Invoked command in '/home/ubuntu/ros_workspace/build/action_tutorials_interfaces' returned '0': CMAKE_PREFIX_PATH=${CMAKE_PREFIX_PATH}:/opt/ros/jazzy /usr/bin/cmake --install /home/ubuntu/ros_workspace/build/action_tutorials_interfaces
